### test: ./apps/supernode start ci_sn -v --daemon

### test: ./scripts/n3nctl -s ci_edge1 get_communities
[
    {
        "community": "test"
    }
]

### test: ./scripts/n3nctl -s ci_edge1 get_packetstats
[
  {
    "rx_pkt": 0,
    "tx_pkt": 2,
    "type": "transop"
  },
  {
    "rx_pkt": 0,
    "tx_pkt": 0,
    "type": "p2p"
  },
  {
    "rx_pkt": 0,
    "tx_pkt": 2,
    "type": "super"
  },
  {
    "rx_pkt": 0,
    "tx_pkt": 2,
    "type": "super_broadcast"
  },
  {
    "tx_pkt": 0,
    "type": "tuntap_error"
  }
]

### test: ./scripts/n3nctl -s ci_edge1 get_edges --raw
[]

### test: ./scripts/n3nctl -s ci_edge1 get_verbose
2

### test: ./scripts/n3nctl -s ci_edge1 set_verbose 1
This request requires an authentication key

1
### test: ./scripts/n3nctl -s ci_edge1 -k n3n set_verbose 1
1

### test: ./scripts/n3nctl -s ci_edge1 -k n3n stop
0

### test: ./scripts/n3nctl -s ci_sn -k n3n stop
0

