### test: ./apps/supernode -v

### test: ./scripts/n3nctl -u http://localhost:5644 get_communities
[
    {
        "community": "test"
    }
]

### test: ./scripts/n3nctl -u http://localhost:5644 get_packetstats
[
  {
    "rx_pkt": 0,
    "tx_pkt": 2,
    "type": "transop"
  },
  {
    "rx_pkt": 0,
    "tx_pkt": 0,
    "type": "p2p"
  },
  {
    "rx_pkt": 0,
    "tx_pkt": 2,
    "type": "super"
  },
  {
    "rx_pkt": 0,
    "tx_pkt": 2,
    "type": "super_broadcast"
  },
  {
    "rx_pkt": 0,
    "tx_pkt": 0,
    "type": "tuntap_error"
  }
]

### test: ./scripts/n3nctl -u http://localhost:5644 get_edges --raw
[]

### test: ./scripts/n3nctl -u http://localhost:5644 get_verbose
2

### test: ./scripts/n3nctl -u http://localhost:5644 -k n3n set_verbose 1
1

### test: ./scripts/n3nctl -u http://localhost:5644 -k n3n stop
0

### test: ./scripts/n3nctl -u http://localhost:5645 -k n3n stop
0

