###

###
[
    {
        "community": "-/-",
        "ip4addr": "",
        "is_federation": 1,
        "purgeable": 0
    }
]

###
[
    {
        "rx_pkt": 0,
        "tx_pkt": 0,
        "type": "transop"
    },
    {
        "rx_pkt": 0,
        "tx_pkt": 0,
        "type": "p2p"
    },
    {
        "rx_pkt": 0,
        "tx_pkt": 0,
        "type": "super"
    },
    {
        "rx_pkt": 0,
        "tx_pkt": 0,
        "type": "super_broadcast"
    },
    {
        "rx_pkt": 0,
        "tx_pkt": 0,
        "type": "tuntap_error"
    },
    {
        "rx_pkt": 0,
        "tx_pkt": 0,
        "type": "multicast_drop"
    },
    {
        "tx_pkt": 0,
        "type": "sn_fwd"
    },
    {
        "tx_pkt": 0,
        "type": "sn_broadcast"
    },
    {
        "nak": 0,
        "tx_pkt": 0,
        "type": "sn_reg"
    },
    {
        "tx_pkt": 0,
        "type": "sn_errors"
    }
]

###
[]

###
3

###
1

###
0

